// Jest Snapshot v1, https://goo.gl/fbAQLP

exports[`should renders alert correctly when isGameWon is true 1`] = `null`;

exports[`should renders correctly 1`] = `
<RNCSafeAreaView
  style={
    Object {
      "alignItems": "center",
      "backgroundColor": "#e5e5e5",
      "borderWidth": 1,
      "flex": 1,
      "justifyContent": "center",
      "margin": "auto",
      "width": 750,
    }
  }
>
  <View
    style={
      Object {
        "flexDirection": "row",
        "flexWrap": "wrap",
        "justifyContent": "space-between",
        "maxWidth": 600,
        "paddingHorizontal": 20,
        "width": "100%",
      }
    }
  >
    <View
      accessible={true}
      focusable={true}
      onClick={[Function]}
      onResponderGrant={[Function]}
      onResponderMove={[Function]}
      onResponderRelease={[Function]}
      onResponderTerminate={[Function]}
      onResponderTerminationRequest={[Function]}
      onStartShouldSetResponder={[Function]}
      style={
        Object {
          "alignItems": "center",
          "justifyContent": "center",
          "minHeight": 100,
          "opacity": 1,
          "width": "24%",
        }
      }
    >
      <View
        style={
          Object {
            "alignItems": "center",
            "backfaceVisibility": "hidden",
            "backgroundColor": "#4fc3f7",
            "borderRadius": 8,
            "elevation": 4,
            "justifyContent": "center",
            "marginBottom": 8,
            "minHeight": 100,
            "padding": 8,
            "shadowColor": "#000",
            "shadowOffset": Object {
              "height": 4,
              "width": 0,
            },
            "shadowOpacity": 0.22,
            "shadowRadius": 2.22,
            "transform": Array [
              Object {
                "rotateY": "0deg",
              },
            ],
            "width": "100%",
          }
        }
      >
        <Text
          style={
            Object {
              "fontSize": 20,
            }
          }
        >
          ?
        </Text>
      </View>
      <View
        style={
          Object {
            "alignItems": "center",
            "backfaceVisibility": "hidden",
            "backgroundColor": "#4fc3f7",
            "borderRadius": 8,
            "elevation": 4,
            "justifyContent": "center",
            "marginBottom": 8,
            "minHeight": 100,
            "padding": 8,
            "position": "absolute",
            "shadowColor": "#000",
            "shadowOffset": Object {
              "height": 4,
              "width": 0,
            },
            "shadowOpacity": 0.22,
            "shadowRadius": 2.22,
            "top": 0,
            "transform": Array [
              Object {
                "rotateY": "180deg",
              },
            ],
            "width": "100%",
          }
        }
      >
        <Text
          style={
            Object {
              "fontSize": 20,
            }
          }
        >
          ?
        </Text>
      </View>
    </View>
  </View>
  <View
    style={
      Object {
        "flexDirection": "row",
        "justifyContent": "space-evenly",
        "marginTop": 8,
        "width": "100%",
      }
    }
  >
    <Text
      style={
        Object {
          "fontSize": 20,
        }
      }
    >
      Steps: 
      18
    </Text>
    <Text
      style={
        Object {
          "fontSize": 20,
        }
      }
    >
      Matches: 
      8
    </Text>
  </View>
  <View
    accessible={true}
    focusable={false}
    onClick={[Function]}
    onResponderGrant={[Function]}
    onResponderMove={[Function]}
    onResponderRelease={[Function]}
    onResponderTerminate={[Function]}
    onResponderTerminationRequest={[Function]}
    onStartShouldSetResponder={[Function]}
    style={
      Object {
        "alignItems": "center",
        "backgroundColor": "#4fc3f7",
        "borderRadius": 8,
        "elevation": 4,
        "justifyContent": "center",
        "marginVertical": 8,
        "opacity": 1,
        "padding": 8,
        "shadowColor": "#000",
        "shadowOffset": Object {
          "height": 4,
          "width": 0,
        },
        "shadowOpacity": 0.22,
        "shadowRadius": 2.22,
      }
    }
  >
    <Text
      style={
        Object {
          "fontSize": 20,
        }
      }
    >
      Restart
    </Text>
  </View>
</RNCSafeAreaView>
`;
