// Jest Snapshot v1, https://goo.gl/fbAQLP

exports[`should renders correctly 1`] = `
<View
  accessible={true}
  focusable={false}
  onClick={[Function]}
  onResponderGrant={[Function]}
  onResponderMove={[Function]}
  onResponderRelease={[Function]}
  onResponderTerminate={[Function]}
  onResponderTerminationRequest={[Function]}
  onStartShouldSetResponder={[Function]}
  style={
    Object {
      "alignItems": "center",
      "backgroundColor": "#4fc3f7",
      "borderRadius": 8,
      "elevation": 4,
      "justifyContent": "center",
      "marginVertical": 8,
      "opacity": 1,
      "padding": 8,
      "shadowColor": "#000",
      "shadowOffset": Object {
        "height": 4,
        "width": 0,
      },
      "shadowOpacity": 0.22,
      "shadowRadius": 2.22,
    }
  }
>
  <Text
    style={
      Object {
        "fontSize": 20,
      }
    }
  />
</View>
`;
